---
source: stackslib/src/chainstate/tests/consensus.rs
expression: result
---
[
  Failure("Invalid Stacks block 7e31cbb71c79284d65fcf9ed65e7263e6320f267f8b29eb31aca3a8fcb65302b: ClarityError(Parse(ParseError { err: ExpressionStackDepthTooDeep, pre_expressions: None, diagnostic: Diagnostic { level: Error, message: \"AST has too deep of an expression nesting. The maximum stack depth is 64\", spans: [], suggestion: None } }))"),
  Failure("Invalid Stacks block 1204d27abf8c5274ca561a1f9d14c7d64c3f802ff2b78a164d7d29eb8808d547: ClarityError(Parse(ParseError { err: ExpressionStackDepthTooDeep, pre_expressions: None, diagnostic: Diagnostic { level: Error, message: \"AST has too deep of an expression nesting. The maximum stack depth is 64\", spans: [], suggestion: None } }))"),
  Failure("Invalid Stacks block 435d0c567d8f970c7fde521b4b22e270e78ffbb8c8b09e33bbc6d5b4e7d0257f: ClarityError(Parse(ParseError { err: ExpressionStackDepthTooDeep, pre_expressions: None, diagnostic: Diagnostic { level: Error, message: \"AST has too deep of an expression nesting. The maximum stack depth is 64\", spans: [], suggestion: None } }))"),
  Failure("Invalid Stacks block 7e590f67b60ca3f911c05d60857baaeb4bb55aa15d2cf48033c2116ee99b4b21: ClarityError(Parse(ParseError { err: ExpressionStackDepthTooDeep, pre_expressions: None, diagnostic: Diagnostic { level: Error, message: \"AST has too deep of an expression nesting. The maximum stack depth is 64\", spans: [], suggestion: None } }))"),
  Failure("Invalid Stacks block 6b2d7ce1abaf86eb40ae02f4ba2e091821de1b7451bf4125396d2b7972d27f54: ClarityError(Parse(ParseError { err: ExpressionStackDepthTooDeep, pre_expressions: None, diagnostic: Diagnostic { level: Error, message: \"AST has too deep of an expression nesting. The maximum stack depth is 64\", spans: [], suggestion: None } }))"),
  Failure("Invalid Stacks block c22bfe8a5cd9b5c9f91b03f84144e7f7931364f6a6ab3f10384f6ffea2893602: ClarityError(Parse(ParseError { err: ExpressionStackDepthTooDeep, pre_expressions: None, diagnostic: Diagnostic { level: Error, message: \"AST has too deep of an expression nesting. The maximum stack depth is 64\", spans: [], suggestion: None } }))"),
  Failure("Invalid Stacks block e106834a8fbc9258c4776c9b647ed2ba3c536616a3f3d9f47586c5e61391caeb: ClarityError(Parse(ParseError { err: ExpressionStackDepthTooDeep, pre_expressions: None, diagnostic: Diagnostic { level: Error, message: \"AST has too deep of an expression nesting. The maximum stack depth is 64\", spans: [], suggestion: None } }))"),
]
