---
source: stackslib/src/chainstate/tests/consensus.rs
expression: result
---
[
  Failure("Invalid Stacks block a60c62267d58f1ea29c64b2f86d62cf210ff5ab14796abfa947ca6d95007d440: ClarityError(Parse(ParseError { err: ExpressionStackDepthTooDeep, pre_expressions: None, diagnostic: Diagnostic { level: Error, message: \"AST has too deep of an expression nesting. The maximum stack depth is 64\", spans: [], suggestion: None } }))"),
  Failure("Invalid Stacks block 238f2ce280580228f19c8122a9bdd0c61299efabe59d8c22c315ee40a865cc7b: ClarityError(Parse(ParseError { err: ExpressionStackDepthTooDeep, pre_expressions: None, diagnostic: Diagnostic { level: Error, message: \"AST has too deep of an expression nesting. The maximum stack depth is 64\", spans: [], suggestion: None } }))"),
  Failure("Invalid Stacks block b5dd8cdc0f48b30d355a950077f7c9b20bf01062e9c96262c28f17fff55a2b0f: ClarityError(Parse(ParseError { err: ExpressionStackDepthTooDeep, pre_expressions: None, diagnostic: Diagnostic { level: Error, message: \"AST has too deep of an expression nesting. The maximum stack depth is 64\", spans: [], suggestion: None } }))"),
  Failure("Invalid Stacks block cfbddc874c465753158a065eff61340e933d33671633843dde0fbd2bfaaac7a4: ClarityError(Parse(ParseError { err: ExpressionStackDepthTooDeep, pre_expressions: None, diagnostic: Diagnostic { level: Error, message: \"AST has too deep of an expression nesting. The maximum stack depth is 64\", spans: [], suggestion: None } }))"),
]
