---
source: stackslib/src/chainstate/tests/consensus.rs
expression: result
---
[
  Success(ExpectedBlockOutput(
    transactions: [],
    total_block_cost: ExecutionCost(
      write_length: 0,
      write_count: 0,
      read_length: 0,
      read_count: 0,
      runtime: 0,
    ),
  )),
  Success(ExpectedBlockOutput(
    transactions: [],
    total_block_cost: ExecutionCost(
      write_length: 0,
      write_count: 0,
      read_length: 0,
      read_count: 0,
      runtime: 0,
    ),
  )),
  Success(ExpectedBlockOutput(
    transactions: [],
    total_block_cost: ExecutionCost(
      write_length: 0,
      write_count: 0,
      read_length: 0,
      read_count: 0,
      runtime: 0,
    ),
  )),
  Success(ExpectedBlockOutput(
    transactions: [],
    total_block_cost: ExecutionCost(
      write_length: 0,
      write_count: 0,
      read_length: 0,
      read_count: 0,
      runtime: 0,
    ),
  )),
]
