---
source: stackslib/src/chainstate/tests/consensus.rs
expression: result
---
[
  Failure("Block ef45bfa44231d9e7aff094b53cfd48df0456067312f169a499354c4273a66fe3 state root mismatch: expected 0000000000000000000000000000000000000000000000000000000000000000, got f1934080b22ef0192cfb39710690e7cb0efa9cff950832b33544bde3aa1484a5"),
  Failure("Block a14d0b5c8d3c49554aeb462a8fe019718195789fa1dcd642059b75e41f0ce9cc state root mismatch: expected 0000000000000000000000000000000000000000000000000000000000000000, got a05f1383613215f5789eb977e4c62dfbb789d90964e14865d109375f7f6dc3cf"),
  Failure("Block f8120b4a632ee1d49fbbde3e01289588389cd205cab459a4493a7d58d2dc18ed state root mismatch: expected 0000000000000000000000000000000000000000000000000000000000000000, got c17829daff8746329c65ae658f4087519c6a8bd8c7f21e51644ddbc9c010390f"),
  Failure("Block 4dcb48b684d105ff0e0ab8becddd4a2d5623cc8b168aacf9c455e20b3e610e63 state root mismatch: expected 0000000000000000000000000000000000000000000000000000000000000000, got 23ecbcb91cac914ba3994a15f3ea7189bcab4e9762530cd0e6c7d237fcd6dc78"),
]
